------------------------------------------------------------
Timing Analyzer Summary
------------------------------------------------------------

Type  : Slow 1200mV 85C Model Setup 'PICamPCLK'
Slack : -3.861
TNS   : -1897.862

Type  : Slow 1200mV 85C Model Setup 'INST_PLL|altpll_component|auto_generated|pll1|clk[0]'
Slack : 14.439
TNS   : 0.000

Type  : Slow 1200mV 85C Model Setup 'INST_PLL|altpll_component|auto_generated|pll1|clk[1]'
Slack : 31.333
TNS   : 0.000

Type  : Slow 1200mV 85C Model Hold 'INST_PLL|altpll_component|auto_generated|pll1|clk[0]'
Slack : 0.403
TNS   : 0.000

Type  : Slow 1200mV 85C Model Hold 'INST_PLL|altpll_component|auto_generated|pll1|clk[1]'
Slack : 0.403
TNS   : 0.000

Type  : Slow 1200mV 85C Model Hold 'PICamPCLK'
Slack : 0.414
TNS   : 0.000

Type  : Slow 1200mV 85C Model Minimum Pulse Width 'PICamPCLK'
Slack : -3.000
TNS   : -1627.560

Type  : Slow 1200mV 85C Model Minimum Pulse Width 'INST_PLL|altpll_component|auto_generated|pll1|clk[0]'
Slack : 9.708
TNS   : 0.000

Type  : Slow 1200mV 85C Model Minimum Pulse Width 'PIClock'
Slack : 9.819
TNS   : 0.000

Type  : Slow 1200mV 85C Model Minimum Pulse Width 'INST_PLL|altpll_component|auto_generated|pll1|clk[1]'
Slack : 19.711
TNS   : 0.000

Type  : Slow 1200mV 0C Model Setup 'PICamPCLK'
Slack : -3.394
TNS   : -1678.888

Type  : Slow 1200mV 0C Model Setup 'INST_PLL|altpll_component|auto_generated|pll1|clk[0]'
Slack : 14.874
TNS   : 0.000

Type  : Slow 1200mV 0C Model Setup 'INST_PLL|altpll_component|auto_generated|pll1|clk[1]'
Slack : 31.987
TNS   : 0.000

Type  : Slow 1200mV 0C Model Hold 'PICamPCLK'
Slack : 0.341
TNS   : 0.000

Type  : Slow 1200mV 0C Model Hold 'INST_PLL|altpll_component|auto_generated|pll1|clk[0]'
Slack : 0.354
TNS   : 0.000

Type  : Slow 1200mV 0C Model Hold 'INST_PLL|altpll_component|auto_generated|pll1|clk[1]'
Slack : 0.354
TNS   : 0.000

Type  : Slow 1200mV 0C Model Minimum Pulse Width 'PICamPCLK'
Slack : -3.000
TNS   : -1591.789

Type  : Slow 1200mV 0C Model Minimum Pulse Width 'INST_PLL|altpll_component|auto_generated|pll1|clk[0]'
Slack : 9.709
TNS   : 0.000

Type  : Slow 1200mV 0C Model Minimum Pulse Width 'PIClock'
Slack : 9.799
TNS   : 0.000

Type  : Slow 1200mV 0C Model Minimum Pulse Width 'INST_PLL|altpll_component|auto_generated|pll1|clk[1]'
Slack : 19.712
TNS   : 0.000

Type  : Fast 1200mV 0C Model Setup 'PICamPCLK'
Slack : -1.513
TNS   : -691.267

Type  : Fast 1200mV 0C Model Setup 'INST_PLL|altpll_component|auto_generated|pll1|clk[0]'
Slack : 17.217
TNS   : 0.000

Type  : Fast 1200mV 0C Model Setup 'INST_PLL|altpll_component|auto_generated|pll1|clk[1]'
Slack : 35.071
TNS   : 0.000

Type  : Fast 1200mV 0C Model Hold 'PICamPCLK'
Slack : 0.140
TNS   : 0.000

Type  : Fast 1200mV 0C Model Hold 'INST_PLL|altpll_component|auto_generated|pll1|clk[0]'
Slack : 0.182
TNS   : 0.000

Type  : Fast 1200mV 0C Model Hold 'INST_PLL|altpll_component|auto_generated|pll1|clk[1]'
Slack : 0.182
TNS   : 0.000

Type  : Fast 1200mV 0C Model Minimum Pulse Width 'PICamPCLK'
Slack : -3.000
TNS   : -943.676

Type  : Fast 1200mV 0C Model Minimum Pulse Width 'PIClock'
Slack : 9.400
TNS   : 0.000

Type  : Fast 1200mV 0C Model Minimum Pulse Width 'INST_PLL|altpll_component|auto_generated|pll1|clk[0]'
Slack : 9.779
TNS   : 0.000

Type  : Fast 1200mV 0C Model Minimum Pulse Width 'INST_PLL|altpll_component|auto_generated|pll1|clk[1]'
Slack : 19.752
TNS   : 0.000

------------------------------------------------------------
